// Jest Snapshot v1, https://goo.gl/fbAQLP

exports[`Tops render correctly 1`] = `ShallowWrapper {}`;
